\BOOKMARK [1][-]{section.1}{\376\377\000B\000e\000v\000e\000z\000e\000t\000\351\000s}{}% 1
\BOOKMARK [1][-]{section.2}{\376\377\000R\000e\000n\000d\000s\000z\000e\000r\000-\000h\000e\000l\000y\000r\000e\000\341\000l\000l\000\355\000t\000\341\000s\000\040\000\351\000s\000\040\000a\000l\000a\000p\000a\000d\000m\000i\000n\000i\000s\000z\000t\000r\000\341\000c\000i\000\363}{}% 2
\BOOKMARK [1][-]{section.3}{\376\377\000F\000e\000l\000h\000a\000s\000z\000n\000\341\000l\000\363\000k\000,\000\040\000j\000e\000l\000s\000z\000a\000v\000a\000k\000\040\000\351\000s\000\040\000h\000i\000t\000e\000l\000e\000s\000\355\000t\000\351\000s}{}% 3
\BOOKMARK [2][-]{subsection.3.1}{\376\377\000S\000S\000H\000\040\000\351\000s\000\040\000k\000u\000l\000c\000s\000a\000l\000a\000p\000\372\000\040\000a\000u\000t\000e\000n\000t\000i\000k\000\341\000c\000i\000\363}{section.3}% 4
\BOOKMARK [1][-]{section.4}{\376\377\000H\000o\000z\000z\000\341\000f\000\351\000r\000\351\000s\000-\000s\000z\000a\000b\000\341\000l\000y\000o\000z\000\341\000s\000\040\000\351\000s\000\040\000j\000o\000g\000o\000s\000u\000l\000t\000s\000\341\000g\000o\000k}{}% 5
\BOOKMARK [1][-]{section.5}{\376\377\000H\000\341\000l\000\363\000z\000a\000t\000b\000i\000z\000t\000o\000n\000s\000\341\000g\000\040\000\351\000s\000\040\000t\001\161\000z\000f\000a\000l\000a\000k}{}% 6
\BOOKMARK [1][-]{section.6}{\376\377\000K\000r\000i\000p\000t\000o\000g\000r\000\341\000f\000i\000a\000\040\000\351\000s\000\040\000k\000u\000l\000c\000s\000k\000e\000z\000e\000l\000\351\000s}{}% 7
\BOOKMARK [1][-]{section.7}{\376\377\000T\000i\000t\000k\000o\000s\000\355\000t\000o\000t\000t\000\040\000t\000\341\000r\000o\000l\000\363\000k\000\040\000\351\000s\000\040\000p\000l\000a\000t\000f\000o\000r\000m\000b\000i\000z\000t\000o\000n\000s\000\341\000g}{}% 8
\BOOKMARK [1][-]{section.8}{\376\377\000M\000e\000g\000f\000i\000g\000y\000e\000l\000\351\000s\000\040\000\351\000s\000\040\000a\000u\000d\000i\000t\000\341\000l\000\341\000s}{}% 9
\BOOKMARK [1][-]{section.9}{\376\377\000\326\000s\000s\000z\000e\000g\000z\000\351\000s}{}% 10
\BOOKMARK [1][-]{appendix.A}{\376\377\000P\000a\000r\000a\000n\000c\000s\000r\000e\000f\000e\000r\000e\000n\000c\000i\000a\000\040\040\023\000\040\000G\000y\000o\000r\000s\000t\000a\000l\000p\000a\000l\000\363}{}% 11
\BOOKMARK [2][-]{subsection.A.1}{\376\377\0001\000.\000\040\000H\000e\000l\000y\000r\000e\000\341\000l\000l\000\355\000t\000\341\000s\000\040\000\351\000s\000\040\000r\000o\000o\000t\000\040\000h\000o\000z\000z\000\341\000f\000\351\000r\000\351\000s}{appendix.A}% 12
\BOOKMARK [2][-]{subsection.A.2}{\376\377\0002\000.\000\040\000F\000e\000l\000h\000a\000s\000z\000n\000\341\000l\000\363\000k\000\040\000\351\000s\000\040\000j\000e\000l\000s\000z\000a\000v\000a\000k}{appendix.A}% 13
\BOOKMARK [2][-]{subsection.A.3}{\376\377\0003\000.\000\040\000S\000S\000H\000\040\000\351\000s\000\040\000k\000u\000l\000c\000s\000k\000e\000z\000e\000l\000\351\000s}{appendix.A}% 14
\BOOKMARK [2][-]{subsection.A.4}{\376\377\0004\000.\000\040\000J\000o\000g\000o\000s\000u\000l\000t\000s\000\341\000g\000o\000k\000\040\000\050\000c\000h\000m\000o\000d\000\040\000s\000z\000\341\000m\000j\000e\000g\000y\000e\000k\000\051}{appendix.A}% 15
\BOOKMARK [2][-]{subsection.A.5}{\376\377\0005\000.\000\040\000S\000z\000\366\000v\000e\000g\000f\000e\000l\000d\000o\000l\000g\000o\000z\000\341\000s\000\040\000\351\000s\000\040\000s\000z\001\161\000r\000\351\000s}{appendix.A}% 16
\BOOKMARK [2][-]{subsection.A.6}{\376\377\0006\000.\000\040\000T\000i\000t\000k\000o\000s\000\355\000t\000\341\000s\000\040\000\351\000s\000\040\000k\000r\000i\000p\000t\000o\000g\000r\000\341\000f\000i\000a}{appendix.A}% 17
\BOOKMARK [3][-]{subsubsection.A.6.1}{\376\377\000S\000z\000i\000m\000m\000e\000t\000r\000i\000k\000u\000s\000\040\000t\000i\000t\000k\000o\000s\000\355\000t\000\341\000s\000\040\000\050\000A\000E\000S\000\051}{subsection.A.6}% 18
\BOOKMARK [3][-]{subsubsection.A.6.2}{\376\377\000A\000s\000z\000i\000m\000m\000e\000t\000r\000i\000k\000u\000s\000\040\000t\000i\000t\000k\000o\000s\000\355\000t\000\341\000s\000\040\000\050\000R\000S\000A\000\051}{subsection.A.6}% 19
\BOOKMARK [3][-]{subsubsection.A.6.3}{\376\377\000D\000i\000g\000i\000t\000\341\000l\000i\000s\000\040\000a\000l\000\341\000\355\000r\000\341\000s}{subsection.A.6}% 20
\BOOKMARK [2][-]{subsection.A.7}{\376\377\0007\000.\000\040\000L\000U\000K\000S\000\040\040\023\000\040\000T\000i\000t\000k\000o\000s\000\355\000t\000o\000t\000t\000\040\000t\000\341\000r\000o\000l\000\363\000k}{appendix.A}% 21
\BOOKMARK [2][-]{subsection.A.8}{\376\377\0008\000.\000\040\000T\001\161\000z\000f\000a\000l\000\040\000\050\000f\000i\000r\000e\000w\000a\000l\000l\000d\000\051}{appendix.A}% 22
\BOOKMARK [2][-]{subsection.A.9}{\376\377\0009\000.\000\040\000H\000\341\000l\000\363\000z\000a\000t\000\040\000\351\000s\000\040\000f\000o\000r\000g\000a\000l\000o\000m\000\040\000r\000\366\000g\000z\000\355\000t\000\351\000s}{appendix.A}% 23
\BOOKMARK [2][-]{subsection.A.10}{\376\377\0001\0000\000.\000\040\000F\000\341\000j\000l\000r\000e\000n\000d\000s\000z\000e\000r\000\040\000p\000a\000r\000t\000i\000c\000i\000o\000n\000\341\000l\000\341\000s\000a}{appendix.A}% 24
\BOOKMARK [2][-]{subsection.A.11}{\376\377\0001\0001\000.\000\040\000F\000o\000l\000y\000a\000m\000a\000t\000o\000k\000\040\000\351\000s\000\040\000e\000r\001\121\000f\000o\000r\000r\000\341\000s\000o\000k}{appendix.A}% 25
\BOOKMARK [2][-]{subsection.A.12}{\376\377\0001\0002\000.\000\040\000R\000e\000n\000d\000s\000z\000e\000r\000\040\000i\000n\000f\000o\000r\000m\000\341\000c\000i\000\363}{appendix.A}% 26
\BOOKMARK [2][-]{subsection.A.13}{\376\377\0001\0003\000.\000\040\000A\000r\000c\000h\000i\000v\000\341\000l\000\341\000s\000\040\000\351\000s\000\040\000t\000\366\000m\000\366\000r\000\355\000t\000\351\000s}{appendix.A}% 27
\BOOKMARK [2][-]{subsection.A.14}{\376\377\0001\0004\000.\000\040\000F\000\341\000j\000l\000\040\000k\000e\000r\000e\000s\000\351\000s\000\040\000\351\000s\000\040\000s\000z\001\161\000r\000\351\000s}{appendix.A}% 28
\BOOKMARK [2][-]{subsection.A.15}{\376\377\0001\0005\000.\000\040\000G\000P\000G\000\040\040\023\000\040\000P\000G\000P\000\040\000t\000i\000t\000k\000o\000s\000\355\000t\000\341\000s}{appendix.A}% 29
\BOOKMARK [2][-]{subsection.A.16}{\376\377\0001\0006\000.\000\040\000H\000a\000s\000h\000i\000n\000g\000\040\000\351\000s\000\040\000k\000\363\000d\000o\000l\000\341\000s}{appendix.A}% 30
\BOOKMARK [2][-]{subsection.A.17}{\376\377\0001\0007\000.\000\040\000\334\000t\000e\000m\000e\000z\000\351\000s\000\040\000\050\000c\000r\000o\000n\000\051}{appendix.A}% 31
\BOOKMARK [2][-]{subsection.A.18}{\376\377\0001\0008\000.\000\040\000C\000s\000o\000m\000a\000g\000\040\000k\000e\000z\000e\000l\000\351\000s}{appendix.A}% 32
\BOOKMARK [2][-]{subsection.A.19}{\376\377\0001\0009\000.\000\040\000B\000i\000z\000t\000o\000n\000s\000\341\000g\000o\000s\000\040\000j\000e\000l\000s\000z\000\363\000-\000\040\000\351\000s\000\040\000f\000\341\000j\000l\000\040\000k\000e\000z\000e\000l\000\351\000s}{appendix.A}% 33
\BOOKMARK [2][-]{subsection.A.20}{\376\377\0002\0000\000.\000\040\000F\000\341\000j\000l\000\040\000\341\000t\000v\000i\000t\000e\000l}{appendix.A}% 34
\BOOKMARK [1][-]{appendix.B}{\376\377\000H\000a\000s\000z\000n\000o\000s\000\040\000r\000e\000f\000e\000r\000e\000n\000c\000i\000\341\000k\000\040\000\351\000s\000\040\000l\000i\000n\000k\000e\000k}{}% 35
\BOOKMARK [1][-]{appendix.C}{\376\377\000B\001\121\000v\000\355\000t\000e\000t\000t\000\040\000C\000h\000e\000a\000t\000s\000h\000e\000e\000t\000\040\000t\000a\000r\000t\000a\000l\000o\000m}{}% 36
\BOOKMARK [2][-]{subsection.C.1}{\376\377\000F\000\341\000j\000l\000o\000k\000\040\000t\000\366\000r\000l\000\351\000s\000e\000\040\000t\000u\000l\000a\000j\000d\000o\000n\000o\000s\000\040\000s\000z\000e\000r\000i\000n\000t}{appendix.C}% 37
\BOOKMARK [2][-]{subsection.C.2}{\376\377\000R\000S\000A\000\040\000k\000u\000l\000c\000s\000o\000k\000\040\000g\000e\000n\000e\000r\000\341\000l\000\341\000s\000a\000\040\000\351\000s\000\040\000P\000K\000C\000S\000\043\0008\000\040\000k\000o\000n\000v\000e\000r\000z\000i\000\363}{appendix.C}% 38
\BOOKMARK [2][-]{subsection.C.3}{\376\377\000C\000r\000o\000n\000\040\000k\000a\000l\000k\000u\000l\000\341\000t\000o\000r\000\040\000l\000i\000n\000k\000\040\000\351\000s\000\040\000p\000\351\000l\000d\000a}{appendix.C}% 39
\BOOKMARK [2][-]{subsection.C.4}{\376\377\000O\000u\000t\000p\000u\000t\000\040\000p\000\351\000l\000d\000\341\000k\000\040\000a\000\040\000p\000a\000r\000a\000n\000c\000s\000o\000k\000r\000a}{appendix.C}% 40
\BOOKMARK [2][-]{subsection.C.5}{\376\377\000H\000i\000v\000a\000t\000k\000o\000z\000\341\000s\000o\000k}{appendix.C}% 41
\BOOKMARK [1][-]{appendix.D}{\376\377\000K\000r\000i\000p\000t\000o\000g\000r\000\341\000f\000i\000a\000\040\040\023\000\040\000r\000\351\000s\000z\000l\000e\000t\000e\000s\000e\000n}{}% 42
\BOOKMARK [2][-]{subsection.D.1}{\376\377\000A\000E\000S\000\040\000p\000\351\000l\000d\000\341\000k\000\040\000\351\000s\000\040\000m\000a\000g\000y\000a\000r\000\341\000z\000a\000t}{appendix.D}% 43
\BOOKMARK [2][-]{subsection.D.2}{\376\377\000R\000S\000A\000\040\000\351\000s\000\040\000k\000u\000l\000c\000s\000m\000e\000n\000e\000d\000z\000s\000m\000e\000n\000t}{appendix.D}% 44
\BOOKMARK [2][-]{subsection.D.3}{\376\377\000A\000l\000\341\000\355\000r\000\341\000s\000o\000k\000\040\000\351\000s\000\040\000e\000l\000l\000e\000n\001\121\000r\000z\000\351\000s\000e\000k}{appendix.D}% 45
\BOOKMARK [1][-]{appendix.E}{\376\377\000H\000\341\000l\000\363\000z\000a\000t\000\040\000\351\000s\000\040\000f\000o\000r\000g\000a\000l\000o\000m\000e\000l\000e\000m\000z\000\351\000s}{}% 46
\BOOKMARK [2][-]{subsection.E.1}{\376\377\000N\000m\000a\000p\000\040\000\351\000s\000\040\000f\000e\000l\000d\000e\000r\000\355\000t\000\351\000s}{appendix.E}% 47
\BOOKMARK [2][-]{subsection.E.2}{\376\377\000F\000o\000r\000g\000a\000l\000o\000m\000\040\000r\000\366\000g\000z\000\355\000t\000\351\000s\000e\000\040\000\351\000s\000\040\000e\000l\000e\000m\000z\000\351\000s\000e}{appendix.E}% 48
\BOOKMARK [2][-]{subsection.E.3}{\376\377\000S\000o\000c\000k\000e\000t\000\040\000\351\000s\000\040\000k\000a\000p\000c\000s\000o\000l\000a\000t\000\040\000e\000l\000l\000e\000n\001\121\000r\000z\000\351\000s}{appendix.E}% 49
\BOOKMARK [1][-]{appendix.F}{\376\377\000L\000e\000m\000e\000z\000k\000e\000z\000e\000l\000\351\000s\000,\000\040\000p\000a\000r\000t\000i\000c\000i\000o\000n\000\341\000l\000\341\000s\000\040\000\351\000s\000\040\000L\000U\000K\000S}{}% 50
\BOOKMARK [2][-]{subsection.F.1}{\376\377\000P\000a\000r\000t\000i\000c\000i\000o\000n\000\341\000l\000\341\000s\000\040\000\351\000s\000\040\000f\000\341\000j\000l\000r\000e\000n\000d\000s\000z\000e\000r}{appendix.F}% 51
\BOOKMARK [2][-]{subsection.F.2}{\376\377\000L\000U\000K\000S\000\040\000t\000i\000t\000k\000o\000s\000\355\000t\000\341\000s}{appendix.F}% 52
\BOOKMARK [1][-]{appendix.G}{\376\377\000K\000i\000m\000e\000n\000e\000t\000\040\000p\000\351\000l\000d\000\341\000k\000\040\000\351\000s\000\040\000m\000i\000n\000t\000\341\000k}{}% 53
\BOOKMARK [2][-]{subsection.G.1}{\376\377\000l\000s\000b\000l\000k\000\040\000-\000f\000\040\000\050\000m\000i\000n\000t\000a\000k\000i\000m\000e\000n\000e\000t\000\051}{appendix.G}% 54
\BOOKMARK [2][-]{subsection.G.2}{\376\377\000o\000p\000e\000n\000s\000s\000l\000\040\000p\000u\000b\000l\000i\000k\000u\000s\000k\000u\000l\000c\000s\000\040\000\050\000r\000\351\000s\000z\000l\000e\000t\000\051}{appendix.G}% 55
\BOOKMARK [2][-]{subsection.G.3}{\376\377\000c\000r\000o\000n\000\040\000p\000\351\000l\000d\000a\000\040\000U\000R\000L\000\040\000h\000i\000v\000a\000t\000k\000o\000z\000\341\000s}{appendix.G}% 56
\BOOKMARK [1][-]{appendix.H}{\376\377\000F\000e\000l\000h\000a\000s\000z\000n\000\341\000l\000\363\000k\000\040\000\351\000s\000\040\000f\000i\000\363\000k\000k\000e\000z\000e\000l\000\351\000s}{}% 57
\BOOKMARK [2][-]{subsection.H.1}{\376\377\000F\000e\000l\000h\000a\000s\000z\000n\000\341\000l\000\363\000\040\000l\000\351\000t\000r\000e\000h\000o\000z\000\341\000s\000a\000\040\000\351\000s\000\040\000o\000p\000c\000i\000\363\000k}{appendix.H}% 58
\BOOKMARK [2][-]{subsection.H.2}{\376\377\000/\000e\000t\000c\000/\000p\000a\000s\000s\000w\000d\000\040\000\351\000s\000\040\000/\000e\000t\000c\000/\000s\000h\000a\000d\000o\000w}{appendix.H}% 59
\BOOKMARK [1][-]{appendix.I}{\376\377\000S\000u\000d\000o\000\040\000\351\000s\000\040\000j\000o\000g\000o\000s\000u\000l\000t\000s\000\341\000g\000\040\000d\000e\000l\000e\000g\000\341\000l\000\341\000s}{}% 60
\BOOKMARK [2][-]{subsection.I.1}{\376\377\000S\000u\000d\000o\000e\000r\000s\000\040\000a\000l\000a\000p\000o\000k}{appendix.I}% 61
\BOOKMARK [1][-]{appendix.J}{\376\377\000S\000S\000H\000\040\000r\000\351\000s\000z\000l\000e\000t\000e\000s\000e\000n\000:\000\040\000k\000u\000l\000c\000s\000o\000k\000,\000\040\000k\000o\000n\000f\000i\000g\000u\000r\000\341\000c\000i\000\363\000\040\000\351\000s\000\040\000j\000o\000g\000o\000s\000u\000l\000t\000s\000\341\000g\000o\000k}{}% 62
\BOOKMARK [2][-]{subsection.J.1}{\376\377\000K\000u\000l\000c\000s\000g\000e\000n\000e\000r\000\341\000l\000\341\000s\000\040\000\351\000s\000\040\000t\000i\000t\000k\000o\000s\000\355\000t\000\341\000s}{appendix.J}% 63
\BOOKMARK [2][-]{subsection.J.2}{\376\377\000a\000u\000t\000h\000o\000r\000i\000z\000e\000d\000\137\000k\000e\000y\000s\000\040\000\351\000s\000\040\000j\000o\000g\000o\000s\000u\000l\000t\000s\000\341\000g\000o\000k}{appendix.J}% 64
\BOOKMARK [2][-]{subsection.J.3}{\376\377\000S\000S\000H\000\040\000m\000\341\000s\000o\000l\000\341\000s\000a\000\040\000\351\000s\000\040\000a\000u\000t\000o\000m\000a\000t\000i\000z\000\341\000l\000\341\000s}{appendix.J}% 65
\BOOKMARK [1][-]{appendix.K}{\376\377\000F\000\341\000j\000l\000\040\000j\000o\000g\000o\000s\000u\000l\000t\000s\000\341\000g\000o\000k\000,\000\040\000A\000C\000L\000,\000\040\000s\000e\000t\000u\000i\000d\000/\000s\000e\000t\000g\000i\000d\000\040\000\351\000s\000\040\000s\000t\000i\000c\000k\000y\000\040\000b\000i\000t\000e\000k}{}% 66
\BOOKMARK [2][-]{subsection.K.1}{\376\377\000c\000h\000m\000o\000d\000\040\000n\000u\000m\000e\000r\000i\000k\000u\000s\000\040\000\351\000s\000\040\000s\000z\000i\000m\000b\000o\000l\000i\000k\000u\000s\000\040\000m\000\363\000d}{appendix.K}% 67
\BOOKMARK [2][-]{subsection.K.2}{\376\377\000s\000e\000t\000u\000i\000d\000,\000\040\000s\000e\000t\000g\000i\000d\000,\000\040\000s\000t\000i\000c\000k\000y}{appendix.K}% 68
\BOOKMARK [2][-]{subsection.K.3}{\376\377\000A\000C\000L\000\040\040\023\000\040\000f\000i\000n\000o\000m\000h\000a\000n\000g\000o\000l\000\341\000s}{appendix.K}% 69
\BOOKMARK [1][-]{appendix.L}{\376\377\000T\001\161\000z\000f\000a\000l\000a\000k\000\040\000\351\000s\000\040\000f\000o\000r\000g\000a\000l\000o\000m\000-\000s\000z\000a\000b\000\341\000l\000y\000o\000z\000\341\000s}{}% 70
\BOOKMARK [2][-]{subsection.L.1}{\376\377\000f\000i\000r\000e\000w\000a\000l\000l\000d\000\040\000a\000l\000a\000p\000o\000k}{appendix.L}% 71
\BOOKMARK [2][-]{subsection.L.2}{\376\377\000n\000f\000t\000a\000b\000l\000e\000s\000\040\000\351\000s\000\040\000n\000e\000t\000f\000i\000l\000t\000e\000r}{appendix.L}% 72
\BOOKMARK [1][-]{appendix.M}{\376\377\000H\000\341\000l\000\363\000z\000a\000t\000i\000\040\000f\000o\000r\000g\000a\000l\000o\000m\000\040\000r\000\366\000g\000z\000\355\000t\000\351\000s\000e\000\040\000\351\000s\000\040\000e\000l\000e\000m\000z\000\351\000s\000e}{}% 73
\BOOKMARK [2][-]{subsection.M.1}{\376\377\000t\000c\000p\000d\000u\000m\000p\000\040\000/\000\040\000d\000u\000m\000p\000c\000a\000p\000\040\000h\000a\000s\000z\000n\000\341\000l\000a\000t}{appendix.M}% 74
\BOOKMARK [2][-]{subsection.M.2}{\376\377\000P\000c\000a\000p\000\040\000f\000e\000l\000d\000o\000l\000g\000o\000z\000\341\000s}{appendix.M}% 75
\BOOKMARK [1][-]{appendix.N}{\376\377\000O\000p\000e\000n\000S\000S\000L\000\040\040\023\000\040\000r\000\351\000s\000z\000l\000e\000t\000e\000s\000\040\000p\000a\000r\000a\000n\000c\000s\000o\000k\000\040\000\351\000s\000\040\000g\000y\000a\000k\000o\000r\000l\000a\000t}{}% 76
\BOOKMARK [2][-]{subsection.N.1}{\376\377\000S\000z\000i\000m\000m\000e\000t\000r\000i\000k\000u\000s\000\040\000t\000i\000t\000k\000o\000s\000\355\000t\000\341\000s}{appendix.N}% 77
\BOOKMARK [2][-]{subsection.N.2}{\376\377\000R\000S\000A\000\040\000k\000u\000l\000c\000s\000o\000k\000\040\000\351\000s\000\040\000k\000o\000n\000v\000e\000r\000z\000i\000\363\000k}{appendix.N}% 78
\BOOKMARK [2][-]{subsection.N.3}{\376\377\000A\000l\000\341\000\355\000r\000\341\000s\000\040\000\351\000s\000\040\000e\000l\000l\000e\000n\001\121\000r\000z\000\351\000s}{appendix.N}% 79
\BOOKMARK [2][-]{subsection.N.4}{\376\377\000T\000i\000t\000k\000o\000s\000\355\000t\000\341\000s\000\040\000O\000A\000E\000P\000-\000p\000a\000d\000d\000a\000l}{appendix.N}% 80
\BOOKMARK [1][-]{appendix.O}{\376\377\000T\000a\000n\000\372\000s\000\355\000t\000v\000\341\000n\000y\000k\000e\000z\000e\000l\000\351\000s\000\040\000\351\000s\000\040\000C\000A\000\040\000f\000o\000l\000y\000a\000m\000a\000t\000o\000k}{}% 81
\BOOKMARK [2][-]{subsection.O.1}{\376\377\000C\000A\000\040\000a\000l\000a\000p\000o\000k}{appendix.O}% 82
\BOOKMARK [2][-]{subsection.O.2}{\376\377\000W\000e\000b\000s\000z\000e\000r\000v\000e\000r\000\040\000C\000S\000R\000\040\000\351\000s\000\040\000a\000l\000\341\000\355\000r\000\341\000s}{appendix.O}% 83
\BOOKMARK [2][-]{subsection.O.3}{\376\377\000T\000r\000u\000s\000t\000\040\000s\000t\000o\000r\000e\000\040\000k\000e\000z\000e\000l\000\351\000s}{appendix.O}% 84
\BOOKMARK [1][-]{appendix.P}{\376\377\000G\000P\000G\000\040\000/\000\040\000P\000G\000P\000\040\040\023\000\040\000l\000e\000v\000e\000l\000e\000z\000\351\000s\000\040\000\351\000s\000\040\000f\000\341\000j\000l\000\040\000t\000i\000t\000k\000o\000s\000\355\000t\000\341\000s}{}% 85
\BOOKMARK [2][-]{subsection.P.1}{\376\377\000K\000u\000l\000c\000s\000g\000e\000n\000e\000r\000\341\000l\000\341\000s\000\040\000\351\000s\000\040\000e\000x\000p\000o\000r\000t}{appendix.P}% 86
\BOOKMARK [2][-]{subsection.P.2}{\376\377\000F\000\341\000j\000l\000\040\000t\000i\000t\000k\000o\000s\000\355\000t\000\341\000s\000\040\000\351\000s\000\040\000v\000i\000s\000s\000z\000a\000f\000e\000j\000t\000\351\000s}{appendix.P}% 87
\BOOKMARK [1][-]{appendix.Q}{\376\377\000s\000y\000s\000t\000e\000m\000d\000\040\000\351\000s\000\040\000s\000z\000o\000l\000g\000\341\000l\000t\000a\000t\000\341\000s\000k\000e\000z\000e\000l\000\351\000s}{}% 88
\BOOKMARK [2][-]{subsection.Q.1}{\376\377\000A\000l\000a\000p\000\040\000m\001\161\000v\000e\000l\000e\000t\000e\000k}{appendix.Q}% 89
\BOOKMARK [2][-]{subsection.Q.2}{\376\377\000N\000a\000p\000l\000\363\000k}{appendix.Q}% 90
\BOOKMARK [1][-]{appendix.R}{\376\377\000A\000u\000t\000o\000m\000a\000t\000i\000z\000\341\000l\000\341\000s\000\040\000\351\000s\000\040\000\374\000t\000e\000m\000e\000z\000\351\000s}{}% 91
\BOOKMARK [2][-]{subsection.R.1}{\376\377\000C\000r\000o\000n\000\040\000a\000l\000a\000p\000o\000k}{appendix.R}% 92
\BOOKMARK [2][-]{subsection.R.2}{\376\377\000a\000t\000\040\000e\000g\000y\000s\000z\000e\000r\000i\000\040\000f\000e\000l\000a\000d\000a\000t}{appendix.R}% 93
\BOOKMARK [1][-]{appendix.S}{\376\377\000C\000s\000o\000m\000a\000g\000k\000e\000z\000e\000l\000\351\000s\000\040\000\351\000s\000\040\000f\000r\000i\000s\000s\000\355\000t\000\351\000s\000i\000\040\000g\000y\000a\000k\000o\000r\000l\000a\000t\000o\000k}{}% 94
\BOOKMARK [2][-]{subsection.S.1}{\376\377\000d\000n\000f\000\040\000\050\000R\000H\000E\000L\000/\000F\000e\000d\000o\000r\000a\000\051}{appendix.S}% 95
\BOOKMARK [2][-]{subsection.S.2}{\376\377\000a\000p\000t\000\040\000\050\000D\000e\000b\000i\000a\000n\000/\000U\000b\000u\000n\000t\000u\000\051}{appendix.S}% 96
\BOOKMARK [1][-]{appendix.T}{\376\377\000B\000e\000v\000\341\000l\000t\000\040\000g\000y\000a\000k\000o\000r\000l\000a\000t\000o\000k\000\040\000\351\000s\000\040\000b\000i\000z\000t\000o\000n\000s\000\341\000g\000i\000\040\000i\000r\000\341\000n\000y\000e\000l\000v\000e\000k}{}% 97
\BOOKMARK [2][-]{subsection.T.1}{\376\377\000A\000l\000a\000p\000e\000l\000v\000e\000k}{appendix.T}% 98
\BOOKMARK [2][-]{subsection.T.2}{\376\377\000I\000n\000c\000i\000d\000e\000n\000s\000k\000e\000z\000e\000l\000\351\000s}{appendix.T}% 99
\BOOKMARK [2][-]{subsection.T.3}{\376\377\000D\000o\000k\000u\000m\000e\000n\000t\000\341\000c\000i\000\363}{appendix.T}% 100
